========== 会话开始 2026-07-27 11:43:19.908 ==========
INFO | 日志文件 | D:\Qt\project\opencv\bin\debug\logs\app_20260727.log
INFO | 应用 | 图像处理工具 1.0.0
11:43:19.909 | INFO | 程序启动
11:43:19.909 | INFO | 图像内存上限 | 不限制
11:43:19.913 | INFO | 已加载外部插件 | block_binarization.dll → 二值化处理
11:43:19.917 | INFO | 已加载外部插件 | block_filter.dll → 滤波处理
11:43:19.920 | INFO | 已加载外部插件 | block_glcm.dll → 灰度共生矩阵
11:43:19.923 | INFO | 已加载外部插件 | block_graytransform.dll → 灰度变换
11:43:19.927 | INFO | 已加载外部插件 | block_morphology.dll → 形态学处理
11:43:19.929 | INFO | 已加载外部插件 | block_pseudocolor.dll → 伪彩色处理
11:43:19.929 | INFO | 算法插件 | 目录=D:/Qt/project/opencv/bin/debug/plugins 加载=6
========== 会话开始 2026-07-27 17:02:20.093 ==========
INFO | 日志文件 | D:\Qt\project\opencv\bin\debug\logs\app_20260727.log
INFO | 应用 | 图像处理工具 1.0.0
17:02:20.094 | INFO | 程序启动
17:02:20.094 | INFO | 可执行文件 | D:/Qt/project/opencv/bin/debug/opencv.exe
17:02:20.094 | INFO | 图像内存上限 | 不限制
17:02:20.099 | INFO | 已加载外部插件 | block_binarization.dll → 二值化处理
17:02:20.101 | INFO | 已加载外部插件 | block_filter.dll → 滤波处理
17:02:20.104 | INFO | 已加载外部插件 | block_glcm.dll → 灰度共生矩阵
17:02:20.106 | INFO | 已加载外部插件 | block_graytransform.dll → 灰度变换
17:02:20.109 | INFO | 已加载外部插件 | block_morphology.dll → 形态学处理
17:02:20.111 | INFO | 已加载外部插件 | block_pseudocolor.dll → 伪彩色处理
17:02:20.111 | INFO | 尝试插件目录 | D:/Qt/project/opencv/bin/debug/plugins → 6
17:02:20.112 | INFO | 算法插件 | 目录=D:/Qt/project/opencv/bin/debug/plugins 加载=6
17:02:21.790 | INFO | 切换主题 | light
17:02:21.872 | INFO | 主窗口已显示
17:02:28.975 | INFO | 撤销快照 | reason=添加处理块 depth=1
17:02:29.017 | INFO | 添加处理块 | name=二值化处理 index=0
17:02:29.605 | INFO | 撤销快照 | reason=添加处理块 depth=2
17:02:29.621 | INFO | 添加处理块 | name=形态学处理 index=1
17:02:30.175 | INFO | 撤销快照 | reason=添加处理块 depth=3
17:02:30.192 | INFO | 添加处理块 | name=灰度变换 index=2
17:02:30.638 | INFO | 撤销快照 | reason=添加处理块 depth=4
17:02:30.662 | INFO | 添加处理块 | name=灰度共生矩阵 index=3
17:02:31.188 | INFO | 撤销快照 | reason=添加处理块 depth=5
17:02:31.200 | INFO | 添加处理块 | name=伪彩色处理 index=4
17:02:31.564 | INFO | 撤销快照 | reason=添加处理块 depth=6
17:02:31.574 | INFO | 添加处理块 | name=伪彩色处理 index=5
17:02:39.803 | INFO | 程序退出
17:02:39.805 | INFO | 会话已落盘 | path=D:/Qt/project/opencv/bin/debug/sessions/app_sessions.json count=0
========== 会话开始 2026-07-27 17:09:57.994 ==========
INFO | 日志文件 | D:\Qt\project\opencv\bin\debug\logs\app_20260727.log
INFO | 应用 | 图像处理工具 1.0.0
17:09:57.995 | INFO | 程序启动
17:09:57.995 | INFO | 可执行文件 | D:/Qt/project/opencv/bin/debug/opencv.exe
17:09:57.995 | INFO | 图像内存上限 | 不限制
17:09:58.035 | INFO | 已加载外部插件 | block_binarization.dll → 二值化处理
17:09:58.038 | INFO | 已加载外部插件 | block_filter.dll → 滤波处理
17:09:58.040 | INFO | 已加载外部插件 | block_glcm.dll → 灰度共生矩阵
17:09:58.041 | INFO | 已加载外部插件 | block_graytransform.dll → 灰度变换
17:09:58.045 | INFO | 已加载外部插件 | block_morphology.dll → 形态学处理
17:09:58.047 | INFO | 已加载外部插件 | block_pseudocolor.dll → 伪彩色处理
17:09:58.047 | INFO | 尝试插件目录 | D:/Qt/project/opencv/bin/debug/plugins → 6
17:09:58.047 | INFO | 算法插件 | 目录=D:/Qt/project/opencv/bin/debug/plugins 加载=6
17:09:58.120 | INFO | 会话已加载 | path=D:/Qt/project/opencv/bin/debug/sessions/app_sessions.json count=0
17:09:58.564 | INFO | 切换主题 | light
17:09:58.646 | INFO | 主窗口已显示
17:10:01.270 | INFO | 撤销快照 | reason=添加处理块 depth=1
17:10:01.305 | INFO | 添加处理块 | name=二值化处理 index=0
17:10:02.046 | INFO | 撤销快照 | reason=修改处理块参数 depth=2
17:10:03.248 | INFO | 撤销快照 | reason=修改处理块参数 depth=3
17:10:11.117 | INFO | 打开单张图片 | C:/Users/Admin/Desktop/图片/input.png
17:10:11.168 | INFO | 撤销快照 | reason=清空处理链 depth=4
17:10:11.168 | INFO | 清空处理链 | removed=1 reprocessAfter=否
17:10:11.170 | INFO | 加载图片 | path=C:/Users/Admin/Desktop/图片/input.png size=1066x1061 prev=(无) session=新建空会话 blocks=0 rois=0
17:10:12.841 | INFO | 撤销快照 | reason=添加处理块 depth=1
17:10:12.842 | INFO | 开始处理 | path=C:/Users/Admin/Desktop/图片/input.png blocks=1 enabled=1 rois=0 chain=[二值化处理]
17:10:12.873 | INFO | 执行处理块 | name=二值化处理 elapsed=29 ms rois=0
17:10:12.874 | INFO | 流水线结束 | total=30 ms steps=[二值化处理(29ms)]
17:10:12.874 | INFO | 处理完成 | elapsed=30 ms path=C:/Users/Admin/Desktop/图片/input.png result=1066x1061
17:10:12.884 | INFO | 添加处理块 | name=二值化处理 index=0
17:10:14.501 | INFO | 撤销快照 | reason=修改处理块参数 depth=2
17:10:14.618 | INFO | 块参数变化 | 二值化处理
17:10:14.618 | INFO | 开始处理 | path=C:/Users/Admin/Desktop/图片/input.png blocks=1 enabled=1 rois=0 chain=[二值化处理]
17:10:14.641 | INFO | 执行处理块 | name=二值化处理 elapsed=22 ms rois=0
17:10:14.643 | INFO | 流水线结束 | total=23 ms steps=[二值化处理(22ms)]
17:10:14.644 | INFO | 处理完成 | elapsed=23 ms path=C:/Users/Admin/Desktop/图片/input.png result=1066x1061
17:10:14.644 | INFO | Otsu自动阈值 | t=147 rois=0
17:10:15.066 | INFO | 块参数变化 | 二值化处理
17:10:15.067 | INFO | 开始处理 | path=C:/Users/Admin/Desktop/图片/input.png blocks=1 enabled=1 rois=0 chain=[二值化处理]
17:10:15.091 | INFO | 执行处理块 | name=二值化处理 elapsed=23 ms rois=0
17:10:15.092 | INFO | 流水线结束 | total=24 ms steps=[二值化处理(23ms)]
17:10:15.093 | INFO | 处理完成 | elapsed=24 ms path=C:/Users/Admin/Desktop/图片/input.png result=1066x1061
17:10:15.094 | INFO | Otsu自动阈值 | t=147 rois=0
17:10:15.227 | INFO | 块参数变化 | 二值化处理
17:10:15.227 | INFO | 开始处理 | path=C:/Users/Admin/Desktop/图片/input.png blocks=1 enabled=1 rois=0 chain=[二值化处理]
17:10:15.251 | INFO | 执行处理块 | name=二值化处理 elapsed=21 ms rois=0
17:10:15.251 | INFO | 流水线结束 | total=23 ms steps=[二值化处理(21ms)]
17:10:15.252 | INFO | 处理完成 | elapsed=23 ms path=C:/Users/Admin/Desktop/图片/input.png result=1066x1061
17:10:15.253 | INFO | Otsu自动阈值 | t=147 rois=0
17:10:16.077 | INFO | 程序退出
17:10:16.078 | INFO | 保存会话 | path=C:/Users/Admin/Desktop/图片/input.png blocks=1 rois=0
17:10:16.079 | INFO | 会话已落盘 | path=D:/Qt/project/opencv/bin/debug/sessions/app_sessions.json count=1
17:10:16.081 | INFO | 会话已落盘 | path=D:/Qt/project/opencv/bin/debug/sessions/app_sessions.json count=1
