========== 会话开始 2026-07-27 17:54:48.531 ==========
INFO | 日志文件 | D:\Qt\project\opencv\bin\debug\logs\app_20260727_175448.log
INFO | 应用 | 图像处理工具 1.0.0
17:54:48.534 | INFO | 程序启动
17:54:48.535 | INFO | 可执行文件 | D:/Qt/project/opencv/bin/debug/opencv.exe
17:54:48.535 | INFO | 图像内存上限 | 不限制
17:54:48.542 | INFO | 已加载插件翻译 | D:/Qt/project/opencv/bin/debug/plugins/block_binarization_en.qm
17:54:48.543 | INFO | 已加载外部插件 | block_binarization.dll → 二值化处理
17:54:48.546 | INFO | 已加载插件翻译 | D:/Qt/project/opencv/bin/debug/plugins/block_filter_en.qm
17:54:48.546 | INFO | 已加载外部插件 | block_filter.dll → 滤波处理
17:54:48.550 | INFO | 已加载插件翻译 | D:/Qt/project/opencv/bin/debug/plugins/block_glcm_en.qm
17:54:48.550 | INFO | 已加载外部插件 | block_glcm.dll → 灰度共生矩阵
17:54:48.553 | INFO | 已加载插件翻译 | D:/Qt/project/opencv/bin/debug/plugins/block_graytransform_en.qm
17:54:48.554 | INFO | 已加载外部插件 | block_graytransform.dll → 灰度变换
17:54:48.557 | INFO | 已加载插件翻译 | D:/Qt/project/opencv/bin/debug/plugins/block_morphology_en.qm
17:54:48.558 | INFO | 已加载外部插件 | block_morphology.dll → 形态学处理
17:54:48.560 | INFO | 已加载插件翻译 | D:/Qt/project/opencv/bin/debug/plugins/block_pseudocolor_en.qm
17:54:48.561 | INFO | 已加载外部插件 | block_pseudocolor.dll → 伪彩色处理
17:54:48.561 | INFO | 尝试插件目录 | D:/Qt/project/opencv/bin/debug/plugins → 6
17:54:48.561 | INFO | 算法插件 | 目录=D:/Qt/project/opencv/bin/debug/plugins 加载=6
17:54:48.804 | INFO | 会话已加载 | path=D:/Qt/project/opencv/bin/debug/sessions/app_sessions.json count=1
17:54:49.288 | INFO | 切换主题 | light
17:54:49.384 | INFO | 主窗口已显示
17:55:08.214 | WARN | 插件 id 冲突 | 滤波处理
17:55:26.168 | INFO | 切换语言 | en
17:55:28.639 | INFO | 切换语言 | zh
17:55:29.714 | INFO | 程序退出
17:55:29.715 | INFO | 会话已落盘 | path=D:/Qt/project/opencv/bin/debug/sessions/app_sessions.json count=1
